// Vitest Snapshot v1, https://vitest.dev/guide/snapshot.html

exports[`RowSelector unit testing > passes snapshot test 1`] = `
<div>
  <td
    class="h-10 align-middle whitespace-nowrap [&:has([role=checkbox])]:pr-0 [&>[role=checkbox]]:translate-y-[2px]"
    data-role="row-selector"
    data-slot="table-cell"
  >
    <button
      aria-checked="false"
      class="peer border-input dark:bg-input/30 data-[state=checked]:bg-primary data-[state=checked]:text-primary-foreground dark:data-[state=checked]:bg-primary data-[state=checked]:border-primary focus-visible:border-ring focus-visible:ring-ring/50 aria-invalid:ring-destructive/20 dark:aria-invalid:ring-destructive/40 aria-invalid:border-destructive size-4 shrink-0 rounded-[4px] border shadow-xs transition-shadow outline-none focus-visible:ring-[3px] disabled:cursor-not-allowed disabled:opacity-50 cursor-pointer"
      data-slot="checkbox"
      data-state="unchecked"
      role="checkbox"
      type="button"
      value="on"
    />
  </td>
</div>
`;
