// Vitest Snapshot v1, https://vitest.dev/guide/snapshot.html

exports[`StatCardSystem unit testing > passes a snapshot test 1`] = `
<div>
  <div
    class="w-[73.5%] mx-auto border-2 border-dashed pt-2"
  >
    <h1
      class="text-2xl pt-2 pb-4 text-left pl-8"
    >
      Stat Card System
    </h1>
    <div
      class="grid grid-cols-4 gap-4"
    >
      <div
        class="flex justify-center items-center"
      >
        <div
          class="w-44 h-44 shrink-0"
        >
          <div
            class="text-card-foreground flex flex-col gap-6 rounded-xl border py-6 shadow-sm bg-zinc-900 h-full overflow-hidden"
            data-slot="card"
            data-testid="StatCard"
          >
            <div
              class="@container/card-header grid auto-rows-min grid-rows-[auto_auto] items-start gap-1.5 px-6 has-data-[slot=card-action]:grid-cols-[1fr_auto] [.border-b]:pb-6 space-y-1"
              data-slot="card-header"
            >
              <div
                class="font-semibold text-base truncate"
                data-slot="card-title"
              >
                Monday
              </div>
              <div
                class="text-muted-foreground text-sm truncate"
                data-slot="card-description"
              >
                June 23, 2025
              </div>
            </div>
            <div
              class="px-6 space-y-1 text-sm"
              data-slot="card-content"
            >
              <p
                class="truncate"
              >
                Status: Neutral
              </p>
              <p
                class="truncate"
              >
                Sum: 0 mins
              </p>
            </div>
          </div>
        </div>
      </div>
      <div
        class="flex justify-center items-center"
      >
        <div
          class="w-44 h-44 shrink-0"
        >
          <div
            class="text-card-foreground flex flex-col gap-6 rounded-xl border py-6 shadow-sm bg-zinc-900 h-full overflow-hidden"
            data-slot="card"
            data-testid="StatCard"
          >
            <div
              class="@container/card-header grid auto-rows-min grid-rows-[auto_auto] items-start gap-1.5 px-6 has-data-[slot=card-action]:grid-cols-[1fr_auto] [.border-b]:pb-6 space-y-1"
              data-slot="card-header"
            >
              <div
                class="font-semibold text-base truncate"
                data-slot="card-title"
              >
                Tuesday
              </div>
              <div
                class="text-muted-foreground text-sm truncate"
                data-slot="card-description"
              >
                June 23, 2025
              </div>
            </div>
            <div
              class="px-6 space-y-1 text-sm"
              data-slot="card-content"
            >
              <p
                class="truncate"
              >
                Status: Neutral
              </p>
              <p
                class="truncate"
              >
                Sum: 0 mins
              </p>
            </div>
          </div>
        </div>
      </div>
    </div>
    <div
      class="grid grid-cols-3 mt-4 gap-4"
    >
      <div
        class="flex justify-center items-center"
      >
        <div
          class="w-44 h-44 shrink-0"
        >
          <div
            class="text-card-foreground flex flex-col gap-6 rounded-xl border py-6 shadow-sm bg-zinc-900 h-full overflow-hidden"
            data-slot="card"
            data-testid="StatCard"
          >
            <div
              class="@container/card-header grid auto-rows-min grid-rows-[auto_auto] items-start gap-1.5 px-6 has-data-[slot=card-action]:grid-cols-[1fr_auto] [.border-b]:pb-6 space-y-1"
              data-slot="card-header"
            >
              <div
                class="font-semibold text-base truncate"
                data-slot="card-title"
              >
                Saturday
              </div>
              <div
                class="text-muted-foreground text-sm truncate"
                data-slot="card-description"
              >
                June 23, 2025
              </div>
            </div>
            <div
              class="px-6 space-y-1 text-sm"
              data-slot="card-content"
            >
              <p
                class="truncate"
              >
                Status: Neutral
              </p>
              <p
                class="truncate"
              >
                Sum: 0 mins
              </p>
            </div>
          </div>
        </div>
      </div>
    </div>
    <div>
      <div
        class="flex justify-center gap-5 items-center py-5"
        data-testid="StatusCounter"
      >
        <div
          class="flex items-center gap-1"
        >
          <div
            class="w-12 h-12 rounded-full bg-emerald-500"
            data-testid="circle-div"
          />
          <span>
            <span>
              x0
            </span>
          </span>
        </div>
        <div
          class="flex items-center gap-1"
        >
          <div
            class="w-12 h-12 rounded-full bg-amber-500"
            data-testid="circle-div"
          />
          <span>
            <span>
              x0
            </span>
          </span>
        </div>
        <div
          class="flex items-center gap-1"
        >
          <div
            class="w-12 h-12 rounded-full bg-rose-500"
            data-testid="circle-div"
          />
          <span>
            <span>
              x0
            </span>
          </span>
        </div>
      </div>
    </div>
  </div>
</div>
`;
